config
  world_size=2
  model=resnet18
  batch_size=64
  num_workers=1
  dataset_size=4096
  steps=5
  mode=gpu
  backend=nccl
  trace_name=gpu_resnet18_batch64_workers1
  warmup_steps=3
  profiled_steps=2
gpu mapping
  rank 0: local_rank=0 device=cuda:0 (NVIDIA A100 80GB PCIe)
  rank 1: local_rank=1 device=cuda:1 (NVIDIA A100 80GB PCIe)
trace labels to look for
  train_step
  next_batch
  forward
  loss
  backward
  optimizer_step
profiled step summary
  rank 0: profiled_steps=2, profiled_images=128, avg_profiled_step_time=0.2612s, loss=7.1554
  rank 1: profiled_steps=2, profiled_images=128, avg_profiled_step_time=0.2600s, loss=7.1295
throughput summary
  profiled_window_images=256
  profiled_window_seconds=0.5223
  estimated_global_images_per_second=490.1 images/s
  compare this number across the tuning ladder together with the GPU trace
trace files
  /workspace/run_traces/ddp_gpu_resnet18_batch64_workers1/gpu_resnet18_batch64_workers1_rank0.json
  /workspace/run_traces/ddp_gpu_resnet18_batch64_workers1/gpu_resnet18_batch64_workers1_rank1.json
saved log
  /workspace/run_traces/ddp_gpu_resnet18_batch64_workers1/gpu_resnet18_batch64_workers1_stdout.log
