config
  world_size=2
  model=resnet50
  batch_size=256
  num_workers=4
  dataset_size=4096
  steps=5
  mode=gpu
  backend=nccl
  trace_name=gpu_resnet50_batch256_workers4
  warmup_steps=3
  profiled_steps=2
gpu mapping
  rank 0: local_rank=0 device=cuda:0 (NVIDIA A40)
  rank 1: local_rank=1 device=cuda:1 (NVIDIA A40)
trace labels to look for
  train_step
  next_batch
  forward
  loss
  backward
  optimizer_step
profiled step summary
  rank 0: profiled_steps=2, profiled_images=512, avg_profiled_step_time=0.9983s, loss=7.3756
  rank 1: profiled_steps=2, profiled_images=512, avg_profiled_step_time=0.9926s, loss=7.3542
throughput summary
  profiled_window_images=1024
  profiled_window_seconds=1.9967
  estimated_global_images_per_second=512.9 images/s
  compare this number across the tuning ladder together with the GPU trace
trace files
  /workspace/run_traces/ddp_gpu_resnet50_batch256_workers4/gpu_resnet50_batch256_workers4_rank0.json
  /workspace/run_traces/ddp_gpu_resnet50_batch256_workers4/gpu_resnet50_batch256_workers4_rank1.json
saved log
  /workspace/run_traces/ddp_gpu_resnet50_batch256_workers4/gpu_resnet50_batch256_workers4_stdout.log
