config
  world_size=2
  model=resnet50
  batch_size=128
  num_workers=4
  dataset_size=4096
  steps=5
  mode=gpu
  backend=nccl
  trace_name=gpu_resnet50_batch128_workers4
  warmup_steps=3
  profiled_steps=2
gpu mapping
  rank 0: local_rank=0 device=cuda:0 (NVIDIA A40)
  rank 1: local_rank=1 device=cuda:1 (NVIDIA A40)
trace labels to look for
  train_step
  next_batch
  forward
  loss
  backward
  optimizer_step
profiled step summary
  rank 0: profiled_steps=2, profiled_images=256, avg_profiled_step_time=0.6868s, loss=7.7944
  rank 1: profiled_steps=2, profiled_images=256, avg_profiled_step_time=0.7750s, loss=7.8584
throughput summary
  profiled_window_images=512
  profiled_window_seconds=1.5500
  estimated_global_images_per_second=330.3 images/s
  compare this number across the tuning ladder together with the GPU trace
trace files
  /workspace/run_traces/ddp_gpu_resnet50_batch128_workers4/gpu_resnet50_batch128_workers4_rank0.json
  /workspace/run_traces/ddp_gpu_resnet50_batch128_workers4/gpu_resnet50_batch128_workers4_rank1.json
saved log
  /workspace/run_traces/ddp_gpu_resnet50_batch128_workers4/gpu_resnet50_batch128_workers4_stdout.log
